2026-06-13 02:53:37 - Fetching running instances...
2026-06-13 02:53:41 - No running instances found.
2026-06-13 03:01:16 - Fetching running instances...
2026-06-13 03:01:20 - No running instances found. Skipping health checks.
2026-06-13 03:01:20 - Checking for instances tagged 'AutoStart=true' that are stopped...
2026-06-13 03:01:23 - No tagged instances need starting.
2026-06-13 03:01:23 - Run complete.
2026-06-13 03:14:40 - Fetching running instances...
2026-06-13 03:14:43 - Checking instance: i-01982ead549cd8ed8 (None)
2026-06-13 03:14:46 -   System status: ok | Instance status: ok
2026-06-13 03:14:46 -   i-01982ead549cd8ed8 is healthy. No action needed.
2026-06-13 03:14:46 - Checking for instances tagged 'AutoStart=true' that are stopped...
2026-06-13 03:15:20 - Fetching running instances...
2026-06-13 03:15:23 - Checking instance: i-01982ead549cd8ed8 (None)
2026-06-13 03:15:25 -   System status: ok | Instance status: ok
2026-06-13 03:15:25 -   i-01982ead549cd8ed8 is healthy. No action needed.
2026-06-13 03:15:25 - Checking for instances tagged 'AutoStart=true' that are stopped...
2026-06-13 03:16:08 - Fetching running instances...
2026-06-13 03:16:11 - Checking instance: i-01982ead549cd8ed8 (None)
2026-06-13 03:16:13 -   System status: ok | Instance status: ok
2026-06-13 03:16:13 -   i-01982ead549cd8ed8 is healthy. No action needed.
2026-06-13 03:16:13 - Checking for instances tagged 'AutoStart=true' that are stopped...
2026-06-13 03:16:15 - No tagged instances need starting.
2026-06-13 03:16:15 - Run complete.
2026-06-13 03:17:09 - Fetching running instances...
2026-06-13 03:17:12 - Checking instance: i-01982ead549cd8ed8 (learning)
2026-06-13 03:17:15 -   System status: ok | Instance status: ok
2026-06-13 03:17:15 -   i-01982ead549cd8ed8 is healthy. No action needed.
2026-06-13 03:17:15 - Checking for instances tagged 'AutoStart=true' that are stopped...
2026-06-13 03:18:55 - Fetching running instances...
2026-06-13 03:18:58 - No running instances found. Skipping health checks.
2026-06-13 03:18:58 - Checking for instances tagged 'AutoStart=true' that are stopped...
2026-06-13 03:19:01 - No tagged instances need starting.
2026-06-13 03:19:01 - Run complete.
2026-06-13 03:19:57 - Fetching running instances...
2026-06-13 03:20:01 - No running instances found. Skipping health checks.
2026-06-13 03:20:01 - Checking for instances tagged 'AutoStart=true' that are stopped...
2026-06-13 03:20:04 - Starting tagged instance: i-01982ead549cd8ed8
2026-06-13 03:20:07 - Run complete.
2026-06-13 03:22:50 - Fetching running instances...
2026-06-13 03:22:54 - Checking instance: i-01982ead549cd8ed8 (None)
2026-06-13 03:22:56 -   System status: ok | Instance status: ok
2026-06-13 03:22:56 -   i-01982ead549cd8ed8 is healthy. No action needed.
2026-06-13 03:22:56 - Checking for instances tagged 'AutoStart=true' that are stopped...
2026-06-13 03:22:58 - No tagged instances need starting.
2026-06-13 03:23:01 - Currently running tagged instances: i-01982ead549cd8ed8
2026-06-13 03:23:01 - Run complete.
